Snippet 1:
[96mtemp/temp_0.ts[0m:[93m6[0m:[93m5[0m - [91merror[0m[90m TS2322: [0mType 'string' is not assignable to type 'number'.

[7m6[0m     a: 'hello'
[7m [0m [91m    ~[0m

  [96mtemp/temp_0.ts[0m:[93m2[0m:[93m5[0m
    [7m2[0m     a: number;
    [7m [0m [96m    ~[0m
    The expected type comes from property 'a' which is declared here on type 'Test'


Found 1 error in temp/temp_0.ts[90m:6[0m

